// Vitest Snapshot v1, https://vitest.dev/guide/snapshot.html

exports[`Rooms renders correctly 1`] = `
<div
  className="_room_container_428451"
>
  <h2>
    Available Rooms
  </h2>
</div>
`;
